[2026-09-15T11:24:27.050+0000] {local_task_job_runner.py:120} INFO - ::group::Pre task execution logs
[2026-09-15T11:24:27.073+0000] {taskinstance.py:2076} INFO - Dependencies all met for dep_context=non-requeueable deps ti=<TaskInstance: tender_scrape_and_extract.scrape_tenders manual__2026-09-15T11:24:26.215236+00:00 [queued]>
[2026-09-15T11:24:27.077+0000] {taskinstance.py:2076} INFO - Dependencies all met for dep_context=requeueable deps ti=<TaskInstance: tender_scrape_and_extract.scrape_tenders manual__2026-09-15T11:24:26.215236+00:00 [queued]>
[2026-09-15T11:24:27.078+0000] {taskinstance.py:2306} INFO - Starting attempt 1 of 2
[2026-09-15T11:24:27.086+0000] {taskinstance.py:2330} INFO - Executing <Task(DockerOperator): scrape_tenders> on 2026-09-15 11:24:26.215236+00:00
[2026-09-15T11:24:27.089+0000] {standard_task_runner.py:64} INFO - Started process 644 to run task
[2026-09-15T11:24:27.091+0000] {standard_task_runner.py:90} INFO - Running: ['***', 'tasks', 'run', 'tender_scrape_and_extract', 'scrape_tenders', 'manual__2026-09-15T11:24:26.215236+00:00', '--job-id', '4', '--raw', '--subdir', 'DAGS_FOLDER/tender_pipeline_dag.py', '--cfg-path', '/tmp/tmp0humbkj4']
[2026-09-15T11:24:27.093+0000] {standard_task_runner.py:91} INFO - Job 4: Subtask scrape_tenders
[2026-09-15T11:24:27.133+0000] {task_command.py:426} INFO - Running <TaskInstance: tender_scrape_and_extract.scrape_tenders manual__2026-09-15T11:24:26.215236+00:00 [running]> on host bc0e94207aad
[2026-09-15T11:24:27.188+0000] {taskinstance.py:2648} INFO - Exporting env vars: AIRFLOW_CTX_DAG_OWNER='tendersToStructured' AIRFLOW_CTX_DAG_ID='tender_scrape_and_extract' AIRFLOW_CTX_TASK_ID='scrape_tenders' AIRFLOW_CTX_EXECUTION_DATE='2026-09-15T11:24:26.215236+00:00' AIRFLOW_CTX_TRY_NUMBER='1' AIRFLOW_CTX_DAG_RUN_ID='manual__2026-09-15T11:24:26.215236+00:00'
[2026-09-15T11:24:27.189+0000] {taskinstance.py:430} INFO - ::endgroup::
[2026-09-15T11:24:27.241+0000] {docker.py:367} INFO - Starting docker container from image tender-pipeline:latest
[2026-09-15T11:24:27.249+0000] {taskinstance.py:441} INFO - ::group::Post task execution logs
[2026-09-15T11:24:27.250+0000] {taskinstance.py:2905} ERROR - Task failed with exception
Traceback (most recent call last):
  File "/home/airflow/.local/lib/python3.11/site-packages/docker/api/client.py", line 275, in _raise_for_status
    response.raise_for_status()
  File "/home/airflow/.local/lib/python3.11/site-packages/requests/models.py", line 1021, in raise_for_status
    raise HTTPError(http_error_msg, response=self)
requests.exceptions.HTTPError: 400 Client Error: Bad Request for url: http+docker://localhost/v1.52/containers/create

The above exception was the direct cause of the following exception:

Traceback (most recent call last):
  File "/home/airflow/.local/lib/python3.11/site-packages/airflow/models/taskinstance.py", line 465, in _execute_task
    result = _execute_callable(context=context, **execute_callable_kwargs)
             ^^^^^^^^^^^^^^^^^^^^^^^^^^^^^^^^^^^^^^^^^^^^^^^^^^^^^^^^^^^^^
  File "/home/airflow/.local/lib/python3.11/site-packages/airflow/models/taskinstance.py", line 432, in _execute_callable
    return execute_callable(context=context, **execute_callable_kwargs)
           ^^^^^^^^^^^^^^^^^^^^^^^^^^^^^^^^^^^^^^^^^^^^^^^^^^^^^^^^^^^^
  File "/home/airflow/.local/lib/python3.11/site-packages/airflow/models/baseoperator.py", line 401, in wrapper
    return func(self, *args, **kwargs)
           ^^^^^^^^^^^^^^^^^^^^^^^^^^^
  File "/home/airflow/.local/lib/python3.11/site-packages/airflow/providers/docker/operators/docker.py", line 513, in execute
    return self._run_image()
           ^^^^^^^^^^^^^^^^^
  File "/home/airflow/.local/lib/python3.11/site-packages/airflow/providers/docker/operators/docker.py", line 372, in _run_image
    return self._run_image_with_mounts([*self.mounts, tmp_mount], add_tmp_variable=True)
           ^^^^^^^^^^^^^^^^^^^^^^^^^^^^^^^^^^^^^^^^^^^^^^^^^^^^^^^^^^^^^^^^^^^^^^^^^^^^^
  File "/home/airflow/.local/lib/python3.11/site-packages/airflow/providers/docker/operators/docker.py", line 399, in _run_image_with_mounts
    self.container = self.cli.create_container(
                     ^^^^^^^^^^^^^^^^^^^^^^^^^^
  File "/home/airflow/.local/lib/python3.11/site-packages/docker/api/container.py", line 440, in create_container
    return self.create_container_from_config(config, name, platform)
           ^^^^^^^^^^^^^^^^^^^^^^^^^^^^^^^^^^^^^^^^^^^^^^^^^^^^^^^^^
  File "/home/airflow/.local/lib/python3.11/site-packages/docker/api/container.py", line 457, in create_container_from_config
    return self._result(res, True)
           ^^^^^^^^^^^^^^^^^^^^^^^
  File "/home/airflow/.local/lib/python3.11/site-packages/docker/api/client.py", line 281, in _result
    self._raise_for_status(response)
  File "/home/airflow/.local/lib/python3.11/site-packages/docker/api/client.py", line 277, in _raise_for_status
    raise create_api_error_from_http_exception(e) from e
          ^^^^^^^^^^^^^^^^^^^^^^^^^^^^^^^^^^^^^^^
  File "/home/airflow/.local/lib/python3.11/site-packages/docker/errors.py", line 39, in create_api_error_from_http_exception
    raise cls(e, response=response, explanation=explanation) from e
docker.errors.APIError: 400 Client Error for http+docker://localhost/v1.52/containers/create: Bad Request ("invalid mount config for type "bind": invalid mount path: 'data' mount path must be absolute")
[2026-09-15T11:24:27.258+0000] {taskinstance.py:1206} INFO - Marking task as UP_FOR_RETRY. dag_id=tender_scrape_and_extract, task_id=scrape_tenders, run_id=manual__2026-09-15T11:24:26.215236+00:00, execution_date=20260915T112426, start_date=20260915T112427, end_date=20260915T112427
[2026-09-15T11:24:27.267+0000] {standard_task_runner.py:110} ERROR - Failed to execute job 4 for task scrape_tenders (400 Client Error for http+docker://localhost/v1.52/containers/create: Bad Request ("invalid mount config for type "bind": invalid mount path: 'data' mount path must be absolute"); 644)
[2026-09-15T11:24:27.304+0000] {local_task_job_runner.py:243} INFO - Task exited with return code 1
[2026-09-15T11:24:27.318+0000] {taskinstance.py:3503} INFO - 0 downstream tasks scheduled from follow-on schedule check
[2026-09-15T11:24:27.322+0000] {local_task_job_runner.py:222} INFO - ::endgroup::
