[2026-09-15T11:12:16.368+0000] {local_task_job_runner.py:120} INFO - ::group::Pre task execution logs
[2026-09-15T11:12:16.395+0000] {taskinstance.py:2076} INFO - Dependencies all met for dep_context=non-requeueable deps ti=<TaskInstance: tender_scrape_and_extract.scrape_tenders scheduled__2026-09-14T00:00:00+00:00 [queued]>
[2026-09-15T11:12:16.400+0000] {taskinstance.py:2076} INFO - Dependencies all met for dep_context=requeueable deps ti=<TaskInstance: tender_scrape_and_extract.scrape_tenders scheduled__2026-09-14T00:00:00+00:00 [queued]>
[2026-09-15T11:12:16.401+0000] {taskinstance.py:2306} INFO - Starting attempt 1 of 2
[2026-09-15T11:12:16.410+0000] {taskinstance.py:2330} INFO - Executing <Task(DockerOperator): scrape_tenders> on 2026-09-14 00:00:00+00:00
[2026-09-15T11:12:16.415+0000] {standard_task_runner.py:64} INFO - Started process 520 to run task
[2026-09-15T11:12:16.418+0000] {standard_task_runner.py:90} INFO - Running: ['***', 'tasks', 'run', 'tender_scrape_and_extract', 'scrape_tenders', 'scheduled__2026-09-14T00:00:00+00:00', '--job-id', '2', '--raw', '--subdir', 'DAGS_FOLDER/tender_pipeline_dag.py', '--cfg-path', '/tmp/tmp9kx3k1rz']
[2026-09-15T11:12:16.420+0000] {standard_task_runner.py:91} INFO - Job 2: Subtask scrape_tenders
[2026-09-15T11:12:16.460+0000] {task_command.py:426} INFO - Running <TaskInstance: tender_scrape_and_extract.scrape_tenders scheduled__2026-09-14T00:00:00+00:00 [running]> on host bc0e94207aad
[2026-09-15T11:12:16.525+0000] {taskinstance.py:2648} INFO - Exporting env vars: AIRFLOW_CTX_DAG_OWNER='tendersToStructured' AIRFLOW_CTX_DAG_ID='tender_scrape_and_extract' AIRFLOW_CTX_TASK_ID='scrape_tenders' AIRFLOW_CTX_EXECUTION_DATE='2026-09-14T00:00:00+00:00' AIRFLOW_CTX_TRY_NUMBER='1' AIRFLOW_CTX_DAG_RUN_ID='scheduled__2026-09-14T00:00:00+00:00'
[2026-09-15T11:12:16.526+0000] {taskinstance.py:430} INFO - ::endgroup::
[2026-09-15T11:12:16.611+0000] {docker.py:367} INFO - Starting docker container from image tender-pipeline:latest
[2026-09-15T11:12:16.627+0000] {taskinstance.py:441} INFO - ::group::Post task execution logs
[2026-09-15T11:12:16.628+0000] {taskinstance.py:2905} ERROR - Task failed with exception
Traceback (most recent call last):
  File "/home/airflow/.local/lib/python3.11/site-packages/docker/api/client.py", line 275, in _raise_for_status
    response.raise_for_status()
  File "/home/airflow/.local/lib/python3.11/site-packages/requests/models.py", line 1021, in raise_for_status
    raise HTTPError(http_error_msg, response=self)
requests.exceptions.HTTPError: 400 Client Error: Bad Request for url: http+docker://localhost/v1.52/containers/create

The above exception was the direct cause of the following exception:

Traceback (most recent call last):
  File "/home/airflow/.local/lib/python3.11/site-packages/airflow/models/taskinstance.py", line 465, in _execute_task
    result = _execute_callable(context=context, **execute_callable_kwargs)
             ^^^^^^^^^^^^^^^^^^^^^^^^^^^^^^^^^^^^^^^^^^^^^^^^^^^^^^^^^^^^^
  File "/home/airflow/.local/lib/python3.11/site-packages/airflow/models/taskinstance.py", line 432, in _execute_callable
    return execute_callable(context=context, **execute_callable_kwargs)
           ^^^^^^^^^^^^^^^^^^^^^^^^^^^^^^^^^^^^^^^^^^^^^^^^^^^^^^^^^^^^
  File "/home/airflow/.local/lib/python3.11/site-packages/airflow/models/baseoperator.py", line 401, in wrapper
    return func(self, *args, **kwargs)
           ^^^^^^^^^^^^^^^^^^^^^^^^^^^
  File "/home/airflow/.local/lib/python3.11/site-packages/airflow/providers/docker/operators/docker.py", line 513, in execute
    return self._run_image()
           ^^^^^^^^^^^^^^^^^
  File "/home/airflow/.local/lib/python3.11/site-packages/airflow/providers/docker/operators/docker.py", line 372, in _run_image
    return self._run_image_with_mounts([*self.mounts, tmp_mount], add_tmp_variable=True)
           ^^^^^^^^^^^^^^^^^^^^^^^^^^^^^^^^^^^^^^^^^^^^^^^^^^^^^^^^^^^^^^^^^^^^^^^^^^^^^
  File "/home/airflow/.local/lib/python3.11/site-packages/airflow/providers/docker/operators/docker.py", line 399, in _run_image_with_mounts
    self.container = self.cli.create_container(
                     ^^^^^^^^^^^^^^^^^^^^^^^^^^
  File "/home/airflow/.local/lib/python3.11/site-packages/docker/api/container.py", line 440, in create_container
    return self.create_container_from_config(config, name, platform)
           ^^^^^^^^^^^^^^^^^^^^^^^^^^^^^^^^^^^^^^^^^^^^^^^^^^^^^^^^^
  File "/home/airflow/.local/lib/python3.11/site-packages/docker/api/container.py", line 457, in create_container_from_config
    return self._result(res, True)
           ^^^^^^^^^^^^^^^^^^^^^^^
  File "/home/airflow/.local/lib/python3.11/site-packages/docker/api/client.py", line 281, in _result
    self._raise_for_status(response)
  File "/home/airflow/.local/lib/python3.11/site-packages/docker/api/client.py", line 277, in _raise_for_status
    raise create_api_error_from_http_exception(e) from e
          ^^^^^^^^^^^^^^^^^^^^^^^^^^^^^^^^^^^^^^^
  File "/home/airflow/.local/lib/python3.11/site-packages/docker/errors.py", line 39, in create_api_error_from_http_exception
    raise cls(e, response=response, explanation=explanation) from e
docker.errors.APIError: 400 Client Error for http+docker://localhost/v1.52/containers/create: Bad Request ("invalid mount config for type "bind": invalid mount path: 'data' mount path must be absolute")
[2026-09-15T11:12:16.639+0000] {taskinstance.py:1206} INFO - Marking task as UP_FOR_RETRY. dag_id=tender_scrape_and_extract, task_id=scrape_tenders, run_id=scheduled__2026-09-14T00:00:00+00:00, execution_date=20260914T000000, start_date=20260915T111216, end_date=20260915T111216
[2026-09-15T11:12:16.651+0000] {standard_task_runner.py:110} ERROR - Failed to execute job 2 for task scrape_tenders (400 Client Error for http+docker://localhost/v1.52/containers/create: Bad Request ("invalid mount config for type "bind": invalid mount path: 'data' mount path must be absolute"); 520)
[2026-09-15T11:12:16.671+0000] {local_task_job_runner.py:243} INFO - Task exited with return code 1
[2026-09-15T11:12:16.685+0000] {taskinstance.py:3503} INFO - 0 downstream tasks scheduled from follow-on schedule check
[2026-09-15T11:12:16.689+0000] {local_task_job_runner.py:222} INFO - ::endgroup::
[2026-09-15T18:06:54.568+0000] {local_task_job_runner.py:120} INFO - ::group::Pre task execution logs
[2026-09-15T18:06:54.592+0000] {taskinstance.py:2076} INFO - Dependencies all met for dep_context=non-requeueable deps ti=<TaskInstance: tender_scrape_and_extract.scrape_tenders scheduled__2026-09-14T00:00:00+00:00 [queued]>
[2026-09-15T18:06:54.596+0000] {taskinstance.py:2076} INFO - Dependencies all met for dep_context=requeueable deps ti=<TaskInstance: tender_scrape_and_extract.scrape_tenders scheduled__2026-09-14T00:00:00+00:00 [queued]>
[2026-09-15T18:06:54.597+0000] {taskinstance.py:2306} INFO - Starting attempt 1 of 2
[2026-09-15T18:06:54.605+0000] {taskinstance.py:2330} INFO - Executing <Task(DockerOperator): scrape_tenders> on 2026-09-14 00:00:00+00:00
[2026-09-15T18:06:54.608+0000] {standard_task_runner.py:64} INFO - Started process 4429 to run task
[2026-09-15T18:06:54.610+0000] {standard_task_runner.py:90} INFO - Running: ['***', 'tasks', 'run', 'tender_scrape_and_extract', 'scrape_tenders', 'scheduled__2026-09-14T00:00:00+00:00', '--job-id', '14', '--raw', '--subdir', 'DAGS_FOLDER/tender_pipeline_dag.py', '--cfg-path', '/tmp/tmphgxzbcrk']
[2026-09-15T18:06:54.612+0000] {standard_task_runner.py:91} INFO - Job 14: Subtask scrape_tenders
[2026-09-15T18:06:54.654+0000] {task_command.py:426} INFO - Running <TaskInstance: tender_scrape_and_extract.scrape_tenders scheduled__2026-09-14T00:00:00+00:00 [running]> on host bc0e94207aad
[2026-09-15T18:06:54.710+0000] {taskinstance.py:2648} INFO - Exporting env vars: AIRFLOW_CTX_DAG_OWNER='tendersToStructured' AIRFLOW_CTX_DAG_ID='tender_scrape_and_extract' AIRFLOW_CTX_TASK_ID='scrape_tenders' AIRFLOW_CTX_EXECUTION_DATE='2026-09-14T00:00:00+00:00' AIRFLOW_CTX_TRY_NUMBER='1' AIRFLOW_CTX_DAG_RUN_ID='scheduled__2026-09-14T00:00:00+00:00'
[2026-09-15T18:06:54.711+0000] {taskinstance.py:430} INFO - ::endgroup::
[2026-09-15T18:06:54.762+0000] {docker.py:367} INFO - Starting docker container from image tender-pipeline:latest
[2026-09-15T18:06:54.773+0000] {taskinstance.py:441} INFO - ::group::Post task execution logs
[2026-09-15T18:06:54.773+0000] {taskinstance.py:2905} ERROR - Task failed with exception
Traceback (most recent call last):
  File "/home/airflow/.local/lib/python3.11/site-packages/docker/api/client.py", line 275, in _raise_for_status
    response.raise_for_status()
  File "/home/airflow/.local/lib/python3.11/site-packages/requests/models.py", line 1021, in raise_for_status
    raise HTTPError(http_error_msg, response=self)
requests.exceptions.HTTPError: 400 Client Error: Bad Request for url: http+docker://localhost/v1.52/containers/create

The above exception was the direct cause of the following exception:

Traceback (most recent call last):
  File "/home/airflow/.local/lib/python3.11/site-packages/airflow/models/taskinstance.py", line 465, in _execute_task
    result = _execute_callable(context=context, **execute_callable_kwargs)
             ^^^^^^^^^^^^^^^^^^^^^^^^^^^^^^^^^^^^^^^^^^^^^^^^^^^^^^^^^^^^^
  File "/home/airflow/.local/lib/python3.11/site-packages/airflow/models/taskinstance.py", line 432, in _execute_callable
    return execute_callable(context=context, **execute_callable_kwargs)
           ^^^^^^^^^^^^^^^^^^^^^^^^^^^^^^^^^^^^^^^^^^^^^^^^^^^^^^^^^^^^
  File "/home/airflow/.local/lib/python3.11/site-packages/airflow/models/baseoperator.py", line 401, in wrapper
    return func(self, *args, **kwargs)
           ^^^^^^^^^^^^^^^^^^^^^^^^^^^
  File "/home/airflow/.local/lib/python3.11/site-packages/airflow/providers/docker/operators/docker.py", line 513, in execute
    return self._run_image()
           ^^^^^^^^^^^^^^^^^
  File "/home/airflow/.local/lib/python3.11/site-packages/airflow/providers/docker/operators/docker.py", line 372, in _run_image
    return self._run_image_with_mounts([*self.mounts, tmp_mount], add_tmp_variable=True)
           ^^^^^^^^^^^^^^^^^^^^^^^^^^^^^^^^^^^^^^^^^^^^^^^^^^^^^^^^^^^^^^^^^^^^^^^^^^^^^
  File "/home/airflow/.local/lib/python3.11/site-packages/airflow/providers/docker/operators/docker.py", line 399, in _run_image_with_mounts
    self.container = self.cli.create_container(
                     ^^^^^^^^^^^^^^^^^^^^^^^^^^
  File "/home/airflow/.local/lib/python3.11/site-packages/docker/api/container.py", line 440, in create_container
    return self.create_container_from_config(config, name, platform)
           ^^^^^^^^^^^^^^^^^^^^^^^^^^^^^^^^^^^^^^^^^^^^^^^^^^^^^^^^^
  File "/home/airflow/.local/lib/python3.11/site-packages/docker/api/container.py", line 457, in create_container_from_config
    return self._result(res, True)
           ^^^^^^^^^^^^^^^^^^^^^^^
  File "/home/airflow/.local/lib/python3.11/site-packages/docker/api/client.py", line 281, in _result
    self._raise_for_status(response)
  File "/home/airflow/.local/lib/python3.11/site-packages/docker/api/client.py", line 277, in _raise_for_status
    raise create_api_error_from_http_exception(e) from e
          ^^^^^^^^^^^^^^^^^^^^^^^^^^^^^^^^^^^^^^^
  File "/home/airflow/.local/lib/python3.11/site-packages/docker/errors.py", line 39, in create_api_error_from_http_exception
    raise cls(e, response=response, explanation=explanation) from e
docker.errors.APIError: 400 Client Error for http+docker://localhost/v1.52/containers/create: Bad Request ("invalid mount config for type "bind": invalid mount path: 'data' mount path must be absolute")
[2026-09-15T18:06:54.784+0000] {taskinstance.py:1206} INFO - Marking task as UP_FOR_RETRY. dag_id=tender_scrape_and_extract, task_id=scrape_tenders, run_id=scheduled__2026-09-14T00:00:00+00:00, execution_date=20260914T000000, start_date=20260915T180654, end_date=20260915T180654
[2026-09-15T18:06:54.793+0000] {standard_task_runner.py:110} ERROR - Failed to execute job 14 for task scrape_tenders (400 Client Error for http+docker://localhost/v1.52/containers/create: Bad Request ("invalid mount config for type "bind": invalid mount path: 'data' mount path must be absolute"); 4429)
[2026-09-15T18:06:54.824+0000] {local_task_job_runner.py:243} INFO - Task exited with return code 1
[2026-09-15T18:06:54.837+0000] {taskinstance.py:3503} INFO - 0 downstream tasks scheduled from follow-on schedule check
[2026-09-15T18:06:54.841+0000] {local_task_job_runner.py:222} INFO - ::endgroup::
[2026-09-15T18:15:29.629+0000] {local_task_job_runner.py:120} INFO - ::group::Pre task execution logs
[2026-09-15T18:15:29.648+0000] {taskinstance.py:2076} INFO - Dependencies all met for dep_context=non-requeueable deps ti=<TaskInstance: tender_scrape_and_extract.scrape_tenders scheduled__2026-09-14T00:00:00+00:00 [queued]>
[2026-09-15T18:15:29.652+0000] {taskinstance.py:2076} INFO - Dependencies all met for dep_context=requeueable deps ti=<TaskInstance: tender_scrape_and_extract.scrape_tenders scheduled__2026-09-14T00:00:00+00:00 [queued]>
[2026-09-15T18:15:29.652+0000] {taskinstance.py:2306} INFO - Starting attempt 1 of 2
[2026-09-15T18:15:29.661+0000] {taskinstance.py:2330} INFO - Executing <Task(DockerOperator): scrape_tenders> on 2026-09-14 00:00:00+00:00
[2026-09-15T18:15:29.665+0000] {standard_task_runner.py:64} INFO - Started process 4518 to run task
[2026-09-15T18:15:29.667+0000] {standard_task_runner.py:90} INFO - Running: ['***', 'tasks', 'run', 'tender_scrape_and_extract', 'scrape_tenders', 'scheduled__2026-09-14T00:00:00+00:00', '--job-id', '16', '--raw', '--subdir', 'DAGS_FOLDER/tender_pipeline_dag.py', '--cfg-path', '/tmp/tmpxemgvp61']
[2026-09-15T18:15:29.669+0000] {standard_task_runner.py:91} INFO - Job 16: Subtask scrape_tenders
[2026-09-15T18:15:29.710+0000] {task_command.py:426} INFO - Running <TaskInstance: tender_scrape_and_extract.scrape_tenders scheduled__2026-09-14T00:00:00+00:00 [running]> on host bc0e94207aad
[2026-09-15T18:15:29.764+0000] {taskinstance.py:2648} INFO - Exporting env vars: AIRFLOW_CTX_DAG_OWNER='tendersToStructured' AIRFLOW_CTX_DAG_ID='tender_scrape_and_extract' AIRFLOW_CTX_TASK_ID='scrape_tenders' AIRFLOW_CTX_EXECUTION_DATE='2026-09-14T00:00:00+00:00' AIRFLOW_CTX_TRY_NUMBER='1' AIRFLOW_CTX_DAG_RUN_ID='scheduled__2026-09-14T00:00:00+00:00'
[2026-09-15T18:15:29.766+0000] {taskinstance.py:430} INFO - ::endgroup::
[2026-09-15T18:15:29.819+0000] {docker.py:367} INFO - Starting docker container from image tender-pipeline:latest
[2026-09-15T18:15:29.831+0000] {taskinstance.py:441} INFO - ::group::Post task execution logs
[2026-09-15T18:15:29.832+0000] {taskinstance.py:2905} ERROR - Task failed with exception
Traceback (most recent call last):
  File "/home/airflow/.local/lib/python3.11/site-packages/docker/api/client.py", line 275, in _raise_for_status
    response.raise_for_status()
  File "/home/airflow/.local/lib/python3.11/site-packages/requests/models.py", line 1021, in raise_for_status
    raise HTTPError(http_error_msg, response=self)
requests.exceptions.HTTPError: 400 Client Error: Bad Request for url: http+docker://localhost/v1.52/containers/create

The above exception was the direct cause of the following exception:

Traceback (most recent call last):
  File "/home/airflow/.local/lib/python3.11/site-packages/airflow/models/taskinstance.py", line 465, in _execute_task
    result = _execute_callable(context=context, **execute_callable_kwargs)
             ^^^^^^^^^^^^^^^^^^^^^^^^^^^^^^^^^^^^^^^^^^^^^^^^^^^^^^^^^^^^^
  File "/home/airflow/.local/lib/python3.11/site-packages/airflow/models/taskinstance.py", line 432, in _execute_callable
    return execute_callable(context=context, **execute_callable_kwargs)
           ^^^^^^^^^^^^^^^^^^^^^^^^^^^^^^^^^^^^^^^^^^^^^^^^^^^^^^^^^^^^
  File "/home/airflow/.local/lib/python3.11/site-packages/airflow/models/baseoperator.py", line 401, in wrapper
    return func(self, *args, **kwargs)
           ^^^^^^^^^^^^^^^^^^^^^^^^^^^
  File "/home/airflow/.local/lib/python3.11/site-packages/airflow/providers/docker/operators/docker.py", line 513, in execute
    return self._run_image()
           ^^^^^^^^^^^^^^^^^
  File "/home/airflow/.local/lib/python3.11/site-packages/airflow/providers/docker/operators/docker.py", line 372, in _run_image
    return self._run_image_with_mounts([*self.mounts, tmp_mount], add_tmp_variable=True)
           ^^^^^^^^^^^^^^^^^^^^^^^^^^^^^^^^^^^^^^^^^^^^^^^^^^^^^^^^^^^^^^^^^^^^^^^^^^^^^
  File "/home/airflow/.local/lib/python3.11/site-packages/airflow/providers/docker/operators/docker.py", line 399, in _run_image_with_mounts
    self.container = self.cli.create_container(
                     ^^^^^^^^^^^^^^^^^^^^^^^^^^
  File "/home/airflow/.local/lib/python3.11/site-packages/docker/api/container.py", line 440, in create_container
    return self.create_container_from_config(config, name, platform)
           ^^^^^^^^^^^^^^^^^^^^^^^^^^^^^^^^^^^^^^^^^^^^^^^^^^^^^^^^^
  File "/home/airflow/.local/lib/python3.11/site-packages/docker/api/container.py", line 457, in create_container_from_config
    return self._result(res, True)
           ^^^^^^^^^^^^^^^^^^^^^^^
  File "/home/airflow/.local/lib/python3.11/site-packages/docker/api/client.py", line 281, in _result
    self._raise_for_status(response)
  File "/home/airflow/.local/lib/python3.11/site-packages/docker/api/client.py", line 277, in _raise_for_status
    raise create_api_error_from_http_exception(e) from e
          ^^^^^^^^^^^^^^^^^^^^^^^^^^^^^^^^^^^^^^^
  File "/home/airflow/.local/lib/python3.11/site-packages/docker/errors.py", line 39, in create_api_error_from_http_exception
    raise cls(e, response=response, explanation=explanation) from e
docker.errors.APIError: 400 Client Error for http+docker://localhost/v1.52/containers/create: Bad Request ("invalid mount config for type "bind": invalid mount path: 'data' mount path must be absolute")
[2026-09-15T18:15:29.840+0000] {taskinstance.py:1206} INFO - Marking task as UP_FOR_RETRY. dag_id=tender_scrape_and_extract, task_id=scrape_tenders, run_id=scheduled__2026-09-14T00:00:00+00:00, execution_date=20260914T000000, start_date=20260915T181529, end_date=20260915T181529
[2026-09-15T18:15:29.851+0000] {standard_task_runner.py:110} ERROR - Failed to execute job 16 for task scrape_tenders (400 Client Error for http+docker://localhost/v1.52/containers/create: Bad Request ("invalid mount config for type "bind": invalid mount path: 'data' mount path must be absolute"); 4518)
[2026-09-15T18:15:29.880+0000] {local_task_job_runner.py:243} INFO - Task exited with return code 1
[2026-09-15T18:15:29.895+0000] {taskinstance.py:3503} INFO - 0 downstream tasks scheduled from follow-on schedule check
[2026-09-15T18:15:29.899+0000] {local_task_job_runner.py:222} INFO - ::endgroup::
