[2026-09-15T11:22:17.302+0000] {local_task_job_runner.py:120} INFO - ::group::Pre task execution logs
[2026-09-15T11:22:17.324+0000] {taskinstance.py:2076} INFO - Dependencies all met for dep_context=non-requeueable deps ti=<TaskInstance: tender_scrape_and_extract.scrape_tenders scheduled__2026-09-14T00:00:00+00:00 [queued]>
[2026-09-15T11:22:17.328+0000] {taskinstance.py:2076} INFO - Dependencies all met for dep_context=requeueable deps ti=<TaskInstance: tender_scrape_and_extract.scrape_tenders scheduled__2026-09-14T00:00:00+00:00 [queued]>
[2026-09-15T11:22:17.329+0000] {taskinstance.py:2306} INFO - Starting attempt 2 of 2
[2026-09-15T11:22:17.337+0000] {taskinstance.py:2330} INFO - Executing <Task(DockerOperator): scrape_tenders> on 2026-09-14 00:00:00+00:00
[2026-09-15T11:22:17.340+0000] {standard_task_runner.py:64} INFO - Started process 622 to run task
[2026-09-15T11:22:17.342+0000] {standard_task_runner.py:90} INFO - Running: ['***', 'tasks', 'run', 'tender_scrape_and_extract', 'scrape_tenders', 'scheduled__2026-09-14T00:00:00+00:00', '--job-id', '3', '--raw', '--subdir', 'DAGS_FOLDER/tender_pipeline_dag.py', '--cfg-path', '/tmp/tmp7u0tm2mx']
[2026-09-15T11:22:17.344+0000] {standard_task_runner.py:91} INFO - Job 3: Subtask scrape_tenders
[2026-09-15T11:22:17.381+0000] {task_command.py:426} INFO - Running <TaskInstance: tender_scrape_and_extract.scrape_tenders scheduled__2026-09-14T00:00:00+00:00 [running]> on host bc0e94207aad
[2026-09-15T11:22:17.428+0000] {taskinstance.py:2648} INFO - Exporting env vars: AIRFLOW_CTX_DAG_OWNER='tendersToStructured' AIRFLOW_CTX_DAG_ID='tender_scrape_and_extract' AIRFLOW_CTX_TASK_ID='scrape_tenders' AIRFLOW_CTX_EXECUTION_DATE='2026-09-14T00:00:00+00:00' AIRFLOW_CTX_TRY_NUMBER='2' AIRFLOW_CTX_DAG_RUN_ID='scheduled__2026-09-14T00:00:00+00:00'
[2026-09-15T11:22:17.429+0000] {taskinstance.py:430} INFO - ::endgroup::
[2026-09-15T11:22:17.482+0000] {docker.py:367} INFO - Starting docker container from image tender-pipeline:latest
[2026-09-15T11:22:17.490+0000] {taskinstance.py:441} INFO - ::group::Post task execution logs
[2026-09-15T11:22:17.491+0000] {taskinstance.py:2905} ERROR - Task failed with exception
Traceback (most recent call last):
  File "/home/airflow/.local/lib/python3.11/site-packages/docker/api/client.py", line 275, in _raise_for_status
    response.raise_for_status()
  File "/home/airflow/.local/lib/python3.11/site-packages/requests/models.py", line 1021, in raise_for_status
    raise HTTPError(http_error_msg, response=self)
requests.exceptions.HTTPError: 400 Client Error: Bad Request for url: http+docker://localhost/v1.52/containers/create

The above exception was the direct cause of the following exception:

Traceback (most recent call last):
  File "/home/airflow/.local/lib/python3.11/site-packages/airflow/models/taskinstance.py", line 465, in _execute_task
    result = _execute_callable(context=context, **execute_callable_kwargs)
             ^^^^^^^^^^^^^^^^^^^^^^^^^^^^^^^^^^^^^^^^^^^^^^^^^^^^^^^^^^^^^
  File "/home/airflow/.local/lib/python3.11/site-packages/airflow/models/taskinstance.py", line 432, in _execute_callable
    return execute_callable(context=context, **execute_callable_kwargs)
           ^^^^^^^^^^^^^^^^^^^^^^^^^^^^^^^^^^^^^^^^^^^^^^^^^^^^^^^^^^^^
  File "/home/airflow/.local/lib/python3.11/site-packages/airflow/models/baseoperator.py", line 401, in wrapper
    return func(self, *args, **kwargs)
           ^^^^^^^^^^^^^^^^^^^^^^^^^^^
  File "/home/airflow/.local/lib/python3.11/site-packages/airflow/providers/docker/operators/docker.py", line 513, in execute
    return self._run_image()
           ^^^^^^^^^^^^^^^^^
  File "/home/airflow/.local/lib/python3.11/site-packages/airflow/providers/docker/operators/docker.py", line 372, in _run_image
    return self._run_image_with_mounts([*self.mounts, tmp_mount], add_tmp_variable=True)
           ^^^^^^^^^^^^^^^^^^^^^^^^^^^^^^^^^^^^^^^^^^^^^^^^^^^^^^^^^^^^^^^^^^^^^^^^^^^^^
  File "/home/airflow/.local/lib/python3.11/site-packages/airflow/providers/docker/operators/docker.py", line 399, in _run_image_with_mounts
    self.container = self.cli.create_container(
                     ^^^^^^^^^^^^^^^^^^^^^^^^^^
  File "/home/airflow/.local/lib/python3.11/site-packages/docker/api/container.py", line 440, in create_container
    return self.create_container_from_config(config, name, platform)
           ^^^^^^^^^^^^^^^^^^^^^^^^^^^^^^^^^^^^^^^^^^^^^^^^^^^^^^^^^
  File "/home/airflow/.local/lib/python3.11/site-packages/docker/api/container.py", line 457, in create_container_from_config
    return self._result(res, True)
           ^^^^^^^^^^^^^^^^^^^^^^^
  File "/home/airflow/.local/lib/python3.11/site-packages/docker/api/client.py", line 281, in _result
    self._raise_for_status(response)
  File "/home/airflow/.local/lib/python3.11/site-packages/docker/api/client.py", line 277, in _raise_for_status
    raise create_api_error_from_http_exception(e) from e
          ^^^^^^^^^^^^^^^^^^^^^^^^^^^^^^^^^^^^^^^
  File "/home/airflow/.local/lib/python3.11/site-packages/docker/errors.py", line 39, in create_api_error_from_http_exception
    raise cls(e, response=response, explanation=explanation) from e
docker.errors.APIError: 400 Client Error for http+docker://localhost/v1.52/containers/create: Bad Request ("invalid mount config for type "bind": invalid mount path: 'data' mount path must be absolute")
[2026-09-15T11:22:17.500+0000] {taskinstance.py:1206} INFO - Marking task as FAILED. dag_id=tender_scrape_and_extract, task_id=scrape_tenders, run_id=scheduled__2026-09-14T00:00:00+00:00, execution_date=20260914T000000, start_date=20260915T112217, end_date=20260915T112217
[2026-09-15T11:22:17.509+0000] {standard_task_runner.py:110} ERROR - Failed to execute job 3 for task scrape_tenders (400 Client Error for http+docker://localhost/v1.52/containers/create: Bad Request ("invalid mount config for type "bind": invalid mount path: 'data' mount path must be absolute"); 622)
[2026-09-15T11:22:17.517+0000] {local_task_job_runner.py:243} INFO - Task exited with return code 1
[2026-09-15T11:22:17.532+0000] {taskinstance.py:3503} INFO - 0 downstream tasks scheduled from follow-on schedule check
[2026-09-15T11:22:17.537+0000] {local_task_job_runner.py:222} INFO - ::endgroup::
[2026-09-15T18:55:31.982+0000] {local_task_job_runner.py:120} INFO - ::group::Pre task execution logs
[2026-09-15T18:55:32.057+0000] {taskinstance.py:2076} INFO - Dependencies all met for dep_context=non-requeueable deps ti=<TaskInstance: tender_scrape_and_extract.scrape_tenders scheduled__2026-09-14T00:00:00+00:00 [queued]>
[2026-09-15T18:55:32.067+0000] {taskinstance.py:2076} INFO - Dependencies all met for dep_context=requeueable deps ti=<TaskInstance: tender_scrape_and_extract.scrape_tenders scheduled__2026-09-14T00:00:00+00:00 [queued]>
[2026-09-15T18:55:32.068+0000] {taskinstance.py:2306} INFO - Starting attempt 2 of 2
[2026-09-15T18:55:32.086+0000] {taskinstance.py:2330} INFO - Executing <Task(DockerOperator): scrape_tenders> on 2026-09-14 00:00:00+00:00
[2026-09-15T18:55:32.096+0000] {standard_task_runner.py:64} INFO - Started process 4910 to run task
[2026-09-15T18:55:32.102+0000] {standard_task_runner.py:90} INFO - Running: ['***', 'tasks', 'run', 'tender_scrape_and_extract', 'scrape_tenders', 'scheduled__2026-09-14T00:00:00+00:00', '--job-id', '17', '--raw', '--subdir', 'DAGS_FOLDER/tender_pipeline_dag.py', '--cfg-path', '/tmp/tmpt3zr4e55']
[2026-09-15T18:55:32.106+0000] {standard_task_runner.py:91} INFO - Job 17: Subtask scrape_tenders
[2026-09-15T18:55:32.203+0000] {task_command.py:426} INFO - Running <TaskInstance: tender_scrape_and_extract.scrape_tenders scheduled__2026-09-14T00:00:00+00:00 [running]> on host bc0e94207aad
[2026-09-15T18:55:32.325+0000] {taskinstance.py:2648} INFO - Exporting env vars: AIRFLOW_CTX_DAG_OWNER='tendersToStructured' AIRFLOW_CTX_DAG_ID='tender_scrape_and_extract' AIRFLOW_CTX_TASK_ID='scrape_tenders' AIRFLOW_CTX_EXECUTION_DATE='2026-09-14T00:00:00+00:00' AIRFLOW_CTX_TRY_NUMBER='2' AIRFLOW_CTX_DAG_RUN_ID='scheduled__2026-09-14T00:00:00+00:00'
[2026-09-15T18:55:32.327+0000] {taskinstance.py:430} INFO - ::endgroup::
[2026-09-15T18:55:32.469+0000] {docker.py:367} INFO - Starting docker container from image tender-pipeline:latest
[2026-09-15T18:55:32.519+0000] {taskinstance.py:441} INFO - ::group::Post task execution logs
[2026-09-15T18:55:32.520+0000] {taskinstance.py:2905} ERROR - Task failed with exception
Traceback (most recent call last):
  File "/home/airflow/.local/lib/python3.11/site-packages/docker/api/client.py", line 275, in _raise_for_status
    response.raise_for_status()
  File "/home/airflow/.local/lib/python3.11/site-packages/requests/models.py", line 1021, in raise_for_status
    raise HTTPError(http_error_msg, response=self)
requests.exceptions.HTTPError: 400 Client Error: Bad Request for url: http+docker://localhost/v1.52/containers/create

The above exception was the direct cause of the following exception:

Traceback (most recent call last):
  File "/home/airflow/.local/lib/python3.11/site-packages/airflow/models/taskinstance.py", line 465, in _execute_task
    result = _execute_callable(context=context, **execute_callable_kwargs)
             ^^^^^^^^^^^^^^^^^^^^^^^^^^^^^^^^^^^^^^^^^^^^^^^^^^^^^^^^^^^^^
  File "/home/airflow/.local/lib/python3.11/site-packages/airflow/models/taskinstance.py", line 432, in _execute_callable
    return execute_callable(context=context, **execute_callable_kwargs)
           ^^^^^^^^^^^^^^^^^^^^^^^^^^^^^^^^^^^^^^^^^^^^^^^^^^^^^^^^^^^^
  File "/home/airflow/.local/lib/python3.11/site-packages/airflow/models/baseoperator.py", line 401, in wrapper
    return func(self, *args, **kwargs)
           ^^^^^^^^^^^^^^^^^^^^^^^^^^^
  File "/home/airflow/.local/lib/python3.11/site-packages/airflow/providers/docker/operators/docker.py", line 513, in execute
    return self._run_image()
           ^^^^^^^^^^^^^^^^^
  File "/home/airflow/.local/lib/python3.11/site-packages/airflow/providers/docker/operators/docker.py", line 372, in _run_image
    return self._run_image_with_mounts([*self.mounts, tmp_mount], add_tmp_variable=True)
           ^^^^^^^^^^^^^^^^^^^^^^^^^^^^^^^^^^^^^^^^^^^^^^^^^^^^^^^^^^^^^^^^^^^^^^^^^^^^^
  File "/home/airflow/.local/lib/python3.11/site-packages/airflow/providers/docker/operators/docker.py", line 399, in _run_image_with_mounts
    self.container = self.cli.create_container(
                     ^^^^^^^^^^^^^^^^^^^^^^^^^^
  File "/home/airflow/.local/lib/python3.11/site-packages/docker/api/container.py", line 440, in create_container
    return self.create_container_from_config(config, name, platform)
           ^^^^^^^^^^^^^^^^^^^^^^^^^^^^^^^^^^^^^^^^^^^^^^^^^^^^^^^^^
  File "/home/airflow/.local/lib/python3.11/site-packages/docker/api/container.py", line 457, in create_container_from_config
    return self._result(res, True)
           ^^^^^^^^^^^^^^^^^^^^^^^
  File "/home/airflow/.local/lib/python3.11/site-packages/docker/api/client.py", line 281, in _result
    self._raise_for_status(response)
  File "/home/airflow/.local/lib/python3.11/site-packages/docker/api/client.py", line 277, in _raise_for_status
    raise create_api_error_from_http_exception(e) from e
          ^^^^^^^^^^^^^^^^^^^^^^^^^^^^^^^^^^^^^^^
  File "/home/airflow/.local/lib/python3.11/site-packages/docker/errors.py", line 39, in create_api_error_from_http_exception
    raise cls(e, response=response, explanation=explanation) from e
docker.errors.APIError: 400 Client Error for http+docker://localhost/v1.52/containers/create: Bad Request ("invalid mount config for type "bind": invalid mount path: 'data' mount path must be absolute")
[2026-09-15T18:55:32.552+0000] {taskinstance.py:1206} INFO - Marking task as FAILED. dag_id=tender_scrape_and_extract, task_id=scrape_tenders, run_id=scheduled__2026-09-14T00:00:00+00:00, execution_date=20260914T000000, start_date=20260915T185532, end_date=20260915T185532
[2026-09-15T18:55:32.574+0000] {standard_task_runner.py:110} ERROR - Failed to execute job 17 for task scrape_tenders (400 Client Error for http+docker://localhost/v1.52/containers/create: Bad Request ("invalid mount config for type "bind": invalid mount path: 'data' mount path must be absolute"); 4910)
[2026-09-15T18:55:32.597+0000] {local_task_job_runner.py:243} INFO - Task exited with return code 1
[2026-09-15T18:55:32.634+0000] {taskinstance.py:3503} INFO - 0 downstream tasks scheduled from follow-on schedule check
[2026-09-15T18:55:32.643+0000] {local_task_job_runner.py:222} INFO - ::endgroup::
